[fabrx.co/preview/muse-dashboard/html/analytics.html]
[backblue.gif]
[fade.gif]
[index.html]
[fabrx.co/preview/muse-dashboard/assets/vendor/simplebar/dist/simplebar.min.css]
[fabrx.co/preview/muse-dashboard/assets/css/theme.min.css]
[fabrx.co/preview/muse-dashboard/html/project-management.html]
[fabrx.co/preview/muse-dashboard/html/festive.html]
[fabrx.co/preview/muse-dashboard/html/settings.html]
[fabrx.co/preview/muse-dashboard/html/billing.html]
[fabrx.co/preview/muse-dashboard/html/invoice.html]
[fabrx.co/preview/muse-dashboard/html/api-keys.html]
[fabrx.co/preview/muse-dashboard/html/user-profile-general.html]
[fabrx.co/preview/muse-dashboard/html/user-profile-activity.html]
[fabrx.co/preview/muse-dashboard/html/user-profile-friends.html]
[fabrx.co/preview/muse-dashboard/html/user-profile-groups.html]
[fabrx.co/preview/muse-dashboard/html/all-projects.html]
[fabrx.co/preview/muse-dashboard/html/new-project.html]
[fabrx.co/preview/muse-dashboard/html/project-details.html]
[fabrx.co/preview/muse-dashboard/html/teams.html]
[fabrx.co/preview/muse-dashboard/html/pricing.html]
[fabrx.co/preview/muse-dashboard/html/help-center.html]
[fabrx.co/preview/muse-dashboard/html/empty-state.html]
[fabrx.co/preview/muse-dashboard/html/signin-simple.html]
[fabrx.co/preview/muse-dashboard/html/signin-cover.html]
[fabrx.co/preview/muse-dashboard/html/signup-simple.html]
[fabrx.co/preview/muse-dashboard/html/signup-cover.html]
[fabrx.co/preview/muse-dashboard/html/reset-password-simple.html]
[fabrx.co/preview/muse-dashboard/html/reset-password-cover.html]
[fabrx.co/preview/muse-dashboard/html/verify-email-simple.html]
[fabrx.co/preview/muse-dashboard/html/verify-email-cover.html]
[fabrx.co/preview/muse-dashboard/html/404-error.html]
[fabrx.co/preview/muse-dashboard/html/500-error.html]
[fabrx.co/preview/muse-dashboard/html/file-manager.html]
[fabrx.co/preview/muse-dashboard/html/chat.html]
[fabrx.co/preview/muse-dashboard/html/calendar.html]
[fabrx.co/preview/muse-dashboard/assets/img/avatar-sm3.png]
[fabrx.co/preview/muse-dashboard/assets/img/avatar-sm4.png]
[fabrx.co/preview/muse-dashboard/assets/img/avatar-sm5.png]
[fabrx.co/preview/muse-dashboard/assets/img/avatar-sm6.png]
[fabrx.co/preview/muse-dashboard/assets/img/avatar-sm.png]
[fabrx.co/preview/muse-dashboard/assets/img/avatar-sm2.png]
[fabrx.co/preview/muse-dashboard/assets/img/avatar1.png]
[fabrx.co/preview/muse-dashboard/assets/img/get-started.png]
[fabrx.co/preview/muse-dashboard/assets/img/placeholder1.png]
[fabrx.co/cdn-cgi/scripts/5c5dd728/cloudflare-static/email-decode.min.js]
[fabrx.co/preview/muse-dashboard/assets/vendor/bootstrap/dist/js/bootstrap.bundle.min.js]
[fabrx.co/preview/muse-dashboard/assets/vendor/lodash/lodash.min.js]
[fabrx.co/preview/muse-dashboard/assets/vendor/highcharts/highmaps.js]
[fabrx.co/preview/muse-dashboard/assets/vendor/apexcharts/dist/apexcharts.min.js]
[fabrx.co/preview/muse-dashboard/assets/vendor/simplebar/dist/simplebar.min.js]
[fabrx.co/preview/muse-dashboard/assets/js/theme-custom.js]
[fabrx.co/preview/muse-dashboard/html/analytics.html]
[fabrx.co/preview/muse-dashboard/assets/vendor/simplebar/dist/simplebar.min.css]
[fabrx.co/preview/muse-dashboard/assets/css/theme.min.css]
[ajax.cloudflare.com/cdn-cgi/scripts/7089c43e/cloudflare-static/rocket-loader.min.js]
[fabrx.co/preview/muse-dashboard/assets/img/avatar2.png]
[fabrx.co/preview/muse-dashboard/assets/img/avatar3.png]
[fabrx.co/preview/muse-dashboard/assets/img/avatar4.png]
[fabrx.co/preview/muse-dashboard/assets/img/avatar30.png]
[fabrx.co/preview/muse-dashboard/assets/img/avatar31.png]
[fabrx.co/preview/muse-dashboard/assets/img/avatar32.png]
[fabrx.co/preview/muse-dashboard/assets/img/avatar13.png]
[fabrx.co/preview/muse-dashboard/assets/img/avatar12.png]
[fabrx.co/preview/muse-dashboard/assets/img/avatar11.png]
[fabrx.co/preview/muse-dashboard/assets/img/avatar14.png]
[fabrx.co/preview/muse-dashboard/assets/img/avatar15.png]
[fabrx.co/preview/muse-dashboard/assets/img/avatar10.png]
[fabrx.co/preview/muse-dashboard/assets/img/avatar5.png]
[fabrx.co/preview/muse-dashboard/assets/img/avatar6.png]
[fabrx.co/preview/muse-dashboard/assets/img/avatar7.png]
[fabrx.co/preview/muse-dashboard/assets/img/avatar8.png]
[fabrx.co/preview/muse-dashboard/assets/img/avatar9.png]
[fabrx.co/preview/muse-dashboard/html/project-management.html]
[fabrx.co/preview/muse-dashboard/assets/img/avatar16.png]
[fabrx.co/preview/muse-dashboard/assets/img/avatar17.png]
[fabrx.co/preview/muse-dashboard/assets/img/avatar18.png]
[fabrx.co/preview/muse-dashboard/assets/img/avatar19.png]
[fabrx.co/preview/muse-dashboard/html/festive.html]
[fabrx.co/preview/muse-dashboard/assets/img/avatar@68.png]
[fabrx.co/preview/muse-dashboard/html/settings.html]
[fabrx.co/preview/muse-dashboard/html/billing.html]
[fabrx.co/preview/muse-dashboard/html/invoice.html]
[fabrx.co/preview/muse-dashboard/html/api-keys.html]
[static.cloudflareinsights.com/beacon.min.js]
[fabrx.co/preview/muse-dashboard/assets/img/avatar@112.png]
[fabrx.co/preview/muse-dashboard/assets/img/placeholder4.jpg]
[fabrx.co/preview/muse-dashboard/assets/img/placeholder5.jpg]
[fabrx.co/preview/muse-dashboard/assets/img/placeholder6.jpg]
[fabrx.co/preview/muse-dashboard/assets/img/placeholder7.jpg]
[fabrx.co/preview/muse-dashboard/assets/img/placeholder8.jpg]
[fabrx.co/preview/muse-dashboard/assets/img/placeholder9.jpg]
[fabrx.co/preview/muse-dashboard/assets/img/placeholder10.jpg]
[fabrx.co/preview/muse-dashboard/assets/img/placeholder11.jpg]
[fabrx.co/preview/muse-dashboard/assets/img/placeholder12.jpg]
[fabrx.co/preview/muse-dashboard/assets/img/placeholder13.jpg]
[fabrx.co/preview/muse-dashboard/assets/img/placeholder14.jpg]
[fabrx.co/preview/muse-dashboard/assets/img/placeholder15.jpg]
[fabrx.co/preview/muse-dashboard/html/user-profile-general.html]
[fabrx.co/preview/muse-dashboard/html/user-profile-activity.html]
[fabrx.co/preview/muse-dashboard/assets/img/avatar1@68.png]
[fabrx.co/preview/muse-dashboard/assets/img/avatar2@68.png]
[fabrx.co/preview/muse-dashboard/assets/img/avatar3@68.png]
[fabrx.co/preview/muse-dashboard/assets/img/avatar4@68.png]
[fabrx.co/preview/muse-dashboard/assets/img/avatar5@68.png]
[fabrx.co/preview/muse-dashboard/assets/img/avatar6@68.png]
[fabrx.co/preview/muse-dashboard/assets/img/avatar7@68.png]
[fabrx.co/preview/muse-dashboard/assets/img/avatar8@68.png]
[fabrx.co/preview/muse-dashboard/assets/img/avatar9@68.png]
[fabrx.co/preview/muse-dashboard/html/user-profile-friends.html]
[fabrx.co/preview/muse-dashboard/assets/img/avatar1@56.png]
[fabrx.co/preview/muse-dashboard/assets/img/avatar2@56.png]
[fabrx.co/preview/muse-dashboard/assets/img/avatar34.png]
[fabrx.co/preview/muse-dashboard/assets/img/avatar35.png]
[fabrx.co/preview/muse-dashboard/assets/img/avatar36.png]
[fabrx.co/preview/muse-dashboard/assets/img/avatar3@56.png]
[fabrx.co/preview/muse-dashboard/assets/img/avatar37.png]
[fabrx.co/preview/muse-dashboard/assets/img/avatar4@56.png]
[fabrx.co/preview/muse-dashboard/assets/img/avatar38.png]
[fabrx.co/preview/muse-dashboard/assets/img/avatar39.png]
[fabrx.co/preview/muse-dashboard/assets/img/avatar40.png]
[fabrx.co/preview/muse-dashboard/assets/img/avatar5@56.png]
[fabrx.co/preview/muse-dashboard/assets/img/avatar41.png]
[fabrx.co/preview/muse-dashboard/assets/img/avatar42.png]
[fabrx.co/preview/muse-dashboard/assets/img/avatar43.png]
[fabrx.co/preview/muse-dashboard/assets/img/avatar6@56.png]
[fabrx.co/preview/muse-dashboard/assets/img/avatar44.png]
[fabrx.co/preview/muse-dashboard/assets/img/avatar45.png]
[fabrx.co/preview/muse-dashboard/assets/img/avatar46.png]
[fabrx.co/preview/muse-dashboard/assets/img/avatar47.png]
[fabrx.co/preview/muse-dashboard/assets/img/avatar48.png]
[fabrx.co/preview/muse-dashboard/assets/img/avatar49.png]
[fabrx.co/preview/muse-dashboard/assets/img/avatar50.png]
[fabrx.co/preview/muse-dashboard/assets/img/avatar51.png]
[fabrx.co/preview/muse-dashboard/assets/img/avatar52.png]
[fabrx.co/preview/muse-dashboard/assets/img/avatar53.png]
[fabrx.co/preview/muse-dashboard/assets/img/avatar54.png]
[fabrx.co/preview/muse-dashboard/assets/img/avatar55.png]
[fabrx.co/preview/muse-dashboard/html/user-profile-groups.html]
[fabrx.co/preview/muse-dashboard/html/all-projects.html]
[fabrx.co/preview/muse-dashboard/assets/vendor/quill/dist/quill.snow.css]
[fabrx.co/preview/muse-dashboard/html/new-project.html]
[fabrx.co/preview/muse-dashboard/assets/vendor/quill/dist/quill.min.js]
[fabrx.co/preview/muse-dashboard/assets/img/placeholder18.jpg]
[fabrx.co/preview/muse-dashboard/assets/img/placeholder19.jpg]
[fabrx.co/preview/muse-dashboard/assets/img/placeholder20.jpg]
[fabrx.co/preview/muse-dashboard/assets/img/placeholder21.jpg]
[fabrx.co/preview/muse-dashboard/html/project-details.html]
[fabrx.co/preview/muse-dashboard/html/teams.html]
[fabrx.co/preview/muse-dashboard/html/pricing.html]
[fabrx.co/preview/muse-dashboard/html/help-center.html]
[fabrx.co/preview/muse-dashboard/assets/img/placeholder17.png]
[fabrx.co/preview/muse-dashboard/html/empty-state.html]
[fabrx.co/preview/muse-dashboard/html/signin-simple.html]
[fabrx.co/preview/muse-dashboard/assets/img/signin-cover.jpg]
[fabrx.co/preview/muse-dashboard/html/signin-cover.html]
[fabrx.co/preview/muse-dashboard/html/signup-simple.html]
[fabrx.co/preview/muse-dashboard/assets/img/signup-cover.jpg]
[fabrx.co/preview/muse-dashboard/html/signup-cover.html]
[fabrx.co/preview/muse-dashboard/html/reset-password-simple.html]
[fabrx.co/preview/muse-dashboard/assets/img/reset-password-cover.jpg]
[fabrx.co/preview/muse-dashboard/html/reset-password-cover.html]
[fabrx.co/preview/muse-dashboard/html/verify-email-simple.html]
[fabrx.co/preview/muse-dashboard/assets/img/verify-email-cover.jpg]
[fabrx.co/preview/muse-dashboard/html/verify-email-cover.html]
[fabrx.co/preview/muse-dashboard/html/404-error.html]
[fabrx.co/preview/muse-dashboard/html/500-error.html]
[fabrx.co/preview/muse-dashboard/assets/img/placeholder22.jpg]
[fabrx.co/preview/muse-dashboard/assets/img/placeholder23.jpg]
[fabrx.co/preview/muse-dashboard/assets/img/avatar1@60.png]
[fabrx.co/preview/muse-dashboard/assets/img/avatar2@60.png]
[fabrx.co/preview/muse-dashboard/assets/img/avatar3@60.png]
[fabrx.co/preview/muse-dashboard/assets/img/avatar4@60.png]
[fabrx.co/preview/muse-dashboard/assets/img/avatar5@60.png]
[fabrx.co/preview/muse-dashboard/assets/img/placeholder24.jpg]
[fabrx.co/preview/muse-dashboard/assets/img/placeholder25.jpg]
[fabrx.co/preview/muse-dashboard/assets/img/placeholder26.jpg]
[fabrx.co/preview/muse-dashboard/assets/img/placeholder27.jpg]
[fabrx.co/preview/muse-dashboard/assets/img/placeholder28.jpg]
[fabrx.co/preview/muse-dashboard/html/file-manager.html]
[fabrx.co/preview/muse-dashboard/assets/img/avatar58.png]
[fabrx.co/preview/muse-dashboard/assets/img/avatar59.png]
[fabrx.co/preview/muse-dashboard/assets/img/avatar60.png]
[fabrx.co/preview/muse-dashboard/assets/img/avatar61.png]
[fabrx.co/preview/muse-dashboard/assets/img/avatar62.png]
[fabrx.co/preview/muse-dashboard/assets/img/avatar63.png]
[fabrx.co/preview/muse-dashboard/assets/img/avatar64.png]
[fabrx.co/preview/muse-dashboard/assets/img/avatar65.png]
[fabrx.co/preview/muse-dashboard/assets/img/avatar66.png]
[fabrx.co/preview/muse-dashboard/assets/img/avatar67.png]
[fabrx.co/preview/muse-dashboard/assets/img/avatar68.png]
[fabrx.co/preview/muse-dashboard/assets/img/avatar69.png]
[fabrx.co/preview/muse-dashboard/assets/img/avatar70.png]
[fabrx.co/preview/muse-dashboard/assets/img/avatar71.png]
[fabrx.co/preview/muse-dashboard/assets/img/placeholder29.jpg]
[fabrx.co/preview/muse-dashboard/assets/img/placeholder30.jpg]
[fabrx.co/preview/muse-dashboard/assets/img/placeholder31.jpg]
[fabrx.co/preview/muse-dashboard/html/chat.html]
[fabrx.co/preview/muse-dashboard/assets/vendor/fullcalendar/main.min.css]
[fabrx.co/preview/muse-dashboard/html/calendar.html]
[fabrx.co/preview/muse-dashboard/assets/vendor/quill/dist/quill.snow.css]
[fabrx.co/preview/muse-dashboard/assets/vendor/fullcalendar/main.min.css]
[fabrx.co/preview/muse-dashboard/assets/vendor/fullcalendar/main.min.js]
